// Jest Snapshot v1, https://goo.gl/fbAQLP

exports[`system models Kopnik confirmed update kopnik1@users/update 1`] = `
Array [
  Object {
    "birthyear": 1985,
    "firstName": "Павел",
    "foreman_id": null,
    "id": 1,
    "lastName": "Сысоев",
    "location": Array [
      47.042697,
      147.94418,
    ],
    "passport": 9991,
    "patronymic": "Якушев",
    "photo": "@todo",
    "smallPhoto": "@todo",
    "status": 1,
    "witness_id": 1,
  },
]
`;
