// Jest Snapshot v1, https://goo.gl/fbAQLP

exports[`unit components KopaInviteVue.vue render 1`] = `
<div
  class="d-flex flex-wrap justify-start align-center k-kopaInvite k-kopaInvite-long"
>
  <span
    class="v-badge ml-1 mr-1 mb-2 v-badge--bottom theme--light map_avatar"
    title="Сысоев Павел Иванович"
  >
    <div
      class="v-avatar"
      style="height: 48px; min-width: 48px; width: 48px;"
    >
      <img
        src="https://lorempixel.com/200/200/?38192"
        style="object-fit: cover;"
      />
    </div>
    <span
      class="v-badge__wrapper"
    >
      <span
        aria-atomic="true"
        aria-label="знак"
        aria-live="polite"
        class="v-badge__badge orange"
        role="status"
      >
        1
      </span>
    </span>
  </span>
   
</div>
`;
