// Jest Snapshot v1, https://goo.gl/fbAQLP

exports[`unit.components.Kopnik.vue renders 1`] = `
"<div role=\\"list\\" class=\\"v-list v-sheet v-sheet--tile theme--light\\"><div tabindex=\\"-1\\" role=\\"listitem\\" class=\\"v-list-item theme--light\\"><div class=\\"v-avatar v-list-item__avatar {avatarMxAuto: 'mx-auto'}\\" style=\\"height: 150px; min-width: 150px; width: 150px;\\"><img src=\\"/avatar.png\\" style=\\"object-fit: cover;\\"></div></div> <div tabindex=\\"-1\\" role=\\"listitem\\" class=\\"v-list-item theme--light\\"><div class=\\"v-list-item__content\\"><div class=\\"v-list-item__title title\\">
                    Баранов Алексей qwer
                </div></div></div> <!----> <!----></div>"
`;
