// Jest Snapshot v1, https://goo.gl/fbAQLP

exports[`unit components Kopnik render 1`] = `
<div
  class="v-list v-sheet v-sheet--tile theme--light"
  role="list"
>
  <div
    class="v-list-item theme--light"
    role="listitem"
    tabindex="-1"
  >
    <span
      class="v-badge {avatarMxAuto: 'mx-auto'} v-badge--bottom theme--light"
    >
      <div
        class="v-avatar"
        style="height: 128px; min-width: 128px; width: 128px;"
      >
        <img
          src="/avatar.png"
          style="object-fit: cover;"
        />
      </div>
      <span
        class="v-badge__wrapper"
      >
        <span
          aria-atomic="true"
          aria-label="знак"
          aria-live="polite"
          class="v-badge__badge orange"
          role="status"
        >
          1
        </span>
      </span>
    </span>
  </div>
   
  <!---->
   
  <!---->
   
  <div
    class="v-list-item theme--light"
    role="listitem"
    tabindex="-1"
  >
    <div
      class="v-list-item__content"
    >
      <span>
        <div
          class="v-input v-input--has-state v-input--is-label-active v-input--is-dirty v-input--is-readonly theme--light v-text-field v-text-field--is-booted success--text"
        >
          <div
            class="v-input__control"
          >
            <div
              class="v-input__slot"
            >
              <div
                class="v-text-field__slot"
              >
                <label
                  class="v-label v-label--active theme--light success--text"
                  for="input-12"
                  style="left: 0px; position: absolute;"
                >
                  Фамилия
                </label>
                <input
                  id="input-12"
                  readonly="readonly"
                  required="required"
                  type="text"
                />
              </div>
            </div>
            <div
              class="v-text-field__details"
            >
              <div
                class="v-messages theme--light success--text"
              >
                <div
                  class="v-messages__wrapper"
                />
              </div>
            </div>
          </div>
        </div>
      </span>
    </div>
  </div>
   
  <div
    class="v-list-item theme--light"
    role="listitem"
    tabindex="-1"
  >
    <div
      class="v-list-item__content"
    >
      <span>
        <div
          class="v-input v-input--has-state v-input--is-label-active v-input--is-dirty theme--light v-text-field v-text-field--is-booted success--text"
        >
          <div
            class="v-input__control"
          >
            <div
              class="v-input__slot"
            >
              <div
                class="v-text-field__slot"
              >
                <label
                  class="v-label v-label--active theme--light success--text"
                  for="input-17"
                  style="left: 0px; position: absolute;"
                >
                  Имя
                </label>
                <input
                  id="input-17"
                  required="required"
                  type="text"
                />
              </div>
            </div>
            <div
              class="v-text-field__details"
            >
              <div
                class="v-messages theme--light success--text"
              >
                <div
                  class="v-messages__wrapper"
                />
              </div>
            </div>
          </div>
        </div>
      </span>
    </div>
  </div>
   
  <div
    class="v-list-item theme--light"
    role="listitem"
    tabindex="-1"
  >
    <div
      class="v-list-item__content"
    >
      <span>
        <div
          class="v-input v-input--has-state v-input--is-label-active v-input--is-dirty theme--light v-text-field v-text-field--is-booted success--text"
        >
          <div
            class="v-input__control"
          >
            <div
              class="v-input__slot"
            >
              <div
                class="v-text-field__slot"
              >
                <label
                  class="v-label v-label--active theme--light success--text"
                  for="input-22"
                  style="left: 0px; position: absolute;"
                >
                  Отчество
                </label>
                <input
                  id="input-22"
                  required="required"
                  type="text"
                />
              </div>
            </div>
            <div
              class="v-text-field__details"
            >
              <div
                class="v-messages theme--light success--text"
              >
                <div
                  class="v-messages__wrapper"
                />
              </div>
            </div>
          </div>
        </div>
      </span>
    </div>
  </div>
   
  <div
    class="v-list-item theme--light"
    role="listitem"
    tabindex="-1"
  >
    <div
      class="v-list-item__content"
    >
      <span>
        <div
          class="v-input v-input--has-state theme--light v-text-field v-text-field--is-booted success--text"
        >
          <div
            class="v-input__control"
          >
            <div
              class="v-input__slot"
            >
              <div
                class="v-text-field__slot"
              >
                <label
                  class="v-label theme--light success--text"
                  for="input-27"
                  style="left: 0px; position: absolute;"
                >
                  Прозвище
                </label>
                <input
                  id="input-27"
                  type="text"
                />
              </div>
            </div>
            <div
              class="v-text-field__details"
            >
              <div
                class="v-messages theme--light success--text"
              >
                <div
                  class="v-messages__wrapper"
                />
              </div>
            </div>
          </div>
        </div>
      </span>
    </div>
  </div>
   
  <div
    class="v-list-item theme--light"
    role="listitem"
    tabindex="-1"
  >
    <div
      class="v-list-item__content"
    >
      <span>
        <div
          class="v-input v-input--has-state v-input--is-label-active v-input--is-dirty theme--light v-text-field v-text-field--is-booted success--text"
        >
          <div
            class="v-input__control"
          >
            <div
              class="v-input__slot"
            >
              <div
                class="v-text-field__slot"
              >
                <label
                  class="v-label v-label--active theme--light success--text"
                  for="input-32"
                  style="left: 0px; position: absolute;"
                >
                  Год рождения
                </label>
                <input
                  id="input-32"
                  required="required"
                  type="text"
                />
              </div>
            </div>
            <div
              class="v-text-field__details"
            >
              <div
                class="v-messages theme--light success--text"
              >
                <div
                  class="v-messages__wrapper"
                />
              </div>
            </div>
          </div>
        </div>
      </span>
    </div>
  </div>
   
  <div
    class="v-list-item theme--light"
    role="listitem"
    tabindex="-1"
  >
    <div
      class="v-list-item__content"
    >
      <span>
        <div
          class="v-input v-input--has-state v-input--is-label-active v-input--is-dirty theme--light v-text-field v-text-field--is-booted success--text"
        >
          <div
            class="v-input__control"
          >
            <div
              class="v-input__slot"
            >
              <div
                class="v-text-field__slot"
              >
                <label
                  class="v-label v-label--active theme--light success--text"
                  for="input-37"
                  style="left: 0px; position: absolute;"
                >
                  Последние 4 цифры пасспорта
                </label>
                <input
                  id="input-37"
                  required="required"
                  type="text"
                />
              </div>
            </div>
            <div
              class="v-text-field__details"
            >
              <div
                class="v-messages theme--light success--text"
              >
                <div
                  class="v-messages__wrapper"
                />
              </div>
              <div
                class="v-counter theme--light"
              >
                4 / 4
              </div>
            </div>
          </div>
        </div>
      </span>
    </div>
  </div>
   
  <div
    class="v-list-item theme--light"
    role="listitem"
    tabindex="-1"
  >
    <div
      class="v-list-item__content"
    >
      <div
        class="vue2leaflet-map leaflet-container leaflet-grab leaflet-touch-drag"
        style="z-index: 0; height: 50vh; position: relative;"
        tabindex="0"
      >
        <div />
        <div />
        <div />
         
        <!---->
        <div
          class="leaflet-pane leaflet-map-pane"
          style="left: 0px; top: 0px;"
        >
          <div
            class="leaflet-pane leaflet-tile-pane"
          >
            <div
              class="leaflet-layer "
              style="z-index: 1;"
            >
              <div
                class="leaflet-tile-container leaflet-zoom-animated"
                style="z-index: 18; left: 0px; top: 0px;"
              >
                <img
                  alt=""
                  class="leaflet-tile"
                  role="presentation"
                  src="https://c.tile.openstreetmap.org/14/14925/5759.png"
                  style="width: 256px; height: 256px; left: -27px; top: -213px;"
                />
              </div>
            </div>
          </div>
          <div
            class="leaflet-pane leaflet-shadow-pane"
          >
            <img
              alt=""
              class="leaflet-marker-shadow leaflet-zoom-hide"
              src="marker-shadow.png"
              style="margin-left: -12px; margin-top: -41px; width: 41px; height: 41px; left: 0px; top: 0px;"
            />
          </div>
          <div
            class="leaflet-pane leaflet-overlay-pane"
          />
          <div
            class="leaflet-pane leaflet-marker-pane"
          >
            <img
              alt=""
              class="leaflet-marker-icon leaflet-zoom-hide leaflet-interactive"
              src="marker-icon.png"
              style="margin-left: -12px; margin-top: -41px; width: 25px; height: 41px; left: 0px; top: 0px; z-index: 0;"
              tabindex="0"
            />
          </div>
          <div
            class="leaflet-pane leaflet-tooltip-pane"
          />
          <div
            class="leaflet-pane leaflet-popup-pane"
          />
        </div>
        <div
          class="leaflet-control-container"
        >
          <div
            class="leaflet-top leaflet-left"
          />
          <div
            class="leaflet-top leaflet-right"
          />
          <div
            class="leaflet-bottom leaflet-left"
          />
          <div
            class="leaflet-bottom leaflet-right"
          >
            <div
              class="leaflet-control-attribution leaflet-control"
            >
              <a
                href="https://leafletjs.com"
                title="A JS library for interactive maps"
              >
                Leaflet
              </a>
               | Map data: © 
              <a
                href="http://www.openstreetmap.org/copyright"
              >
                OpenStreetMap
              </a>
              , 
              <a
                href="http://viewfinderpanoramas.org"
              >
                SRTM
              </a>
               | Map style: © 
              <a
                href="https://opentopomap.org"
              >
                OpenTopoMap
              </a>
               (
              <a
                href="https://creativecommons.org/licenses/by-sa/3.0/"
              >
                CC-BY-SA
              </a>
              )
            </div>
          </div>
        </div>
         
        <!---->
         
        <!---->
         
        <!---->
         
        <!---->
      </div>
    </div>
  </div>
   
</div>
`;

exports[`unit components Kopnik render short 1`] = `
<div
  class="v-list v-sheet v-sheet--tile theme--light"
  role="list"
>
  <div
    class="v-list-item theme--light"
    role="listitem"
    tabindex="-1"
  >
    <span
      class="v-badge {avatarMxAuto: 'mx-auto'} v-badge--bottom theme--light"
    >
      <div
        class="v-avatar"
        style="height: 128px; min-width: 128px; width: 128px;"
      >
        <img
          src="/avatar.png"
          style="object-fit: cover;"
        />
      </div>
      <span
        class="v-badge__wrapper"
      >
        <span
          aria-atomic="true"
          aria-label="знак"
          aria-live="polite"
          class="v-badge__badge orange"
          role="status"
        >
          1
        </span>
      </span>
    </span>
  </div>
   
  <div
    class="v-list-item theme--light"
    role="listitem"
    tabindex="-1"
  >
    <div
      class="v-list-item__content"
    >
      <div
        class="v-list-item__title title"
      >
        Сысоев Павел Якушев
      </div>
    </div>
  </div>
   
  <!---->
   
  <!---->
   
  <!---->
   
  <!---->
   
  <!---->
   
  <!---->
   
  <!---->
   
  <!---->
   
</div>
`;
