// Jest Snapshot v1, https://goo.gl/fbAQLP

exports[`unit components Profile draw new 1`] = `
<div
  class="container fill-height container--fluid"
>
  <div
    class="mx-auto"
    style="width: 100%; max-width: 350px;"
  >
    <div
      class="v-card v-sheet theme--light elevation-12"
    >
      <div
        class="v-card__text"
      >
        <form
          class="v-form"
          novalidate="novalidate"
        >
          <div
            class="v-list v-sheet v-sheet--tile theme--light"
            role="list"
          >
            <div
              class="v-list-item theme--light"
              role="listitem"
              tabindex="-1"
            >
              <span
                class="v-badge {avatarMxAuto: 'mx-auto'} v-badge--bottom theme--light"
              >
                <div
                  class="v-avatar"
                  style="height: 128px; min-width: 128px; width: 128px;"
                >
                  <img
                    src="https://lorempixel.com/200/200/?38194"
                    style="object-fit: cover;"
                  />
                </div>
                <span
                  class="v-badge__wrapper"
                >
                  <span
                    aria-atomic="true"
                    aria-label="знак"
                    aria-live="polite"
                    class="v-badge__badge orange"
                    role="status"
                  >
                    1
                  </span>
                </span>
              </span>
            </div>
             
            <!---->
             
            <div
              class="v-list-item theme--light"
              role="listitem"
              tabindex="-1"
            >
              <div
                class="v-list-item__content"
              >
                <div
                  class="v-input v-input--is-label-active v-input--is-dirty theme--light v-text-field v-select v-autocomplete"
                >
                  <div
                    class="v-input__control"
                  >
                    <div
                      aria-expanded="false"
                      aria-haspopup="listbox"
                      aria-owns="list-16"
                      class="v-input__slot"
                      role="combobox"
                    >
                      <div
                        class="v-select__slot"
                      >
                        <label
                          class="v-label v-label--active theme--light"
                          for="input-16"
                          style="left: 0px; position: absolute;"
                        >
                          Язык / Language
                        </label>
                        <input
                          autocomplete="off"
                          id="input-16"
                          type="text"
                        />
                        <div
                          class="v-input__append-inner"
                        >
                          <div
                            class="v-input__icon v-input__icon--append"
                          >
                            <i
                              aria-hidden="true"
                              class="v-icon notranslate mdi mdi-menu-down theme--light"
                            />
                          </div>
                        </div>
                        <input
                          type="hidden"
                          value="ru"
                        />
                      </div>
                      <div
                        class="v-menu"
                      >
                        <div
                          class="v-menu__content theme--light v-autocomplete__content"
                          style="max-height: 304px; min-width: 0px; max-width: auto; top: 12px; left: 0px; transform-origin: top left; z-index: 0; display: none;"
                        />
                      </div>
                    </div>
                    <div
                      class="v-text-field__details"
                    >
                      <div
                        class="v-messages theme--light"
                      >
                        <div
                          class="v-messages__wrapper"
                        />
                      </div>
                    </div>
                  </div>
                </div>
              </div>
            </div>
             
            <div
              class="v-list-item theme--light"
              role="listitem"
              tabindex="-1"
            >
              <div
                class="v-list-item__content"
              >
                <span>
                  <div
                    class="v-input v-input--has-state v-input--is-label-active v-input--is-dirty theme--light v-text-field success--text"
                  >
                    <div
                      class="v-input__control"
                    >
                      <div
                        class="v-input__slot"
                      >
                        <div
                          class="v-text-field__slot"
                        >
                          <label
                            class="v-label v-label--active theme--light success--text"
                            for="input-24"
                            style="left: 0px; position: absolute;"
                          >
                            Фамилия
                          </label>
                          <input
                            id="input-24"
                            type="text"
                          />
                        </div>
                      </div>
                      <div
                        class="v-text-field__details"
                      >
                        <div
                          class="v-messages theme--light success--text"
                        >
                          <div
                            class="v-messages__wrapper"
                          />
                        </div>
                      </div>
                    </div>
                  </div>
                </span>
              </div>
            </div>
             
            <div
              class="v-list-item theme--light"
              role="listitem"
              tabindex="-1"
            >
              <div
                class="v-list-item__content"
              >
                <span>
                  <div
                    class="v-input v-input--has-state v-input--is-label-active v-input--is-dirty theme--light v-text-field success--text"
                  >
                    <div
                      class="v-input__control"
                    >
                      <div
                        class="v-input__slot"
                      >
                        <div
                          class="v-text-field__slot"
                        >
                          <label
                            class="v-label v-label--active theme--light success--text"
                            for="input-29"
                            style="left: 0px; position: absolute;"
                          >
                            Имя
                          </label>
                          <input
                            id="input-29"
                            type="text"
                          />
                        </div>
                      </div>
                      <div
                        class="v-text-field__details"
                      >
                        <div
                          class="v-messages theme--light success--text"
                        >
                          <div
                            class="v-messages__wrapper"
                          />
                        </div>
                      </div>
                    </div>
                  </div>
                </span>
              </div>
            </div>
             
            <div
              class="v-list-item theme--light"
              role="listitem"
              tabindex="-1"
            >
              <div
                class="v-list-item__content"
              >
                <span>
                  <div
                    class="v-input v-input--has-state v-input--is-label-active v-input--is-dirty theme--light v-text-field success--text"
                  >
                    <div
                      class="v-input__control"
                    >
                      <div
                        class="v-input__slot"
                      >
                        <div
                          class="v-text-field__slot"
                        >
                          <label
                            class="v-label v-label--active theme--light success--text"
                            for="input-34"
                            style="left: 0px; position: absolute;"
                          >
                            Отчество
                          </label>
                          <input
                            id="input-34"
                            type="text"
                          />
                        </div>
                      </div>
                      <div
                        class="v-text-field__details"
                      >
                        <div
                          class="v-messages theme--light success--text"
                        >
                          <div
                            class="v-messages__wrapper"
                          />
                        </div>
                      </div>
                    </div>
                  </div>
                </span>
              </div>
            </div>
             
            <div
              class="v-list-item theme--light"
              role="listitem"
              tabindex="-1"
            >
              <div
                class="v-list-item__content"
              >
                <span>
                  <div
                    class="v-input v-input--has-state v-input--is-label-active v-input--is-dirty theme--light v-text-field success--text"
                  >
                    <div
                      class="v-input__control"
                    >
                      <div
                        class="v-input__slot"
                      >
                        <div
                          class="v-text-field__slot"
                        >
                          <label
                            class="v-label v-label--active theme--light success--text"
                            for="input-39"
                            style="left: 0px; position: absolute;"
                          >
                            Год рождения
                          </label>
                          <input
                            id="input-39"
                            type="text"
                          />
                        </div>
                      </div>
                      <div
                        class="v-text-field__details"
                      >
                        <div
                          class="v-messages theme--light success--text"
                        >
                          <div
                            class="v-messages__wrapper"
                          />
                        </div>
                      </div>
                    </div>
                  </div>
                </span>
              </div>
            </div>
             
            <div
              class="v-list-item theme--light"
              role="listitem"
              tabindex="-1"
            >
              <div
                class="v-list-item__content"
              >
                <span>
                  <div
                    class="v-input theme--light v-text-field"
                  >
                    <div
                      class="v-input__control"
                    >
                      <div
                        class="v-input__slot"
                      >
                        <div
                          class="v-text-field__slot"
                        >
                          <label
                            class="v-label theme--light"
                            for="input-44"
                            style="left: 0px; position: absolute;"
                          >
                            Последние 4 цифры пасспорта
                          </label>
                          <input
                            id="input-44"
                            type="text"
                          />
                        </div>
                      </div>
                      <div
                        class="v-text-field__details"
                      >
                        <div
                          class="v-messages theme--light"
                        >
                          <div
                            class="v-messages__wrapper"
                          />
                        </div>
                        <div
                          class="v-counter theme--light"
                        >
                          0 / 4
                        </div>
                      </div>
                    </div>
                  </div>
                </span>
              </div>
            </div>
             
            <div
              class="v-list-item theme--light"
              role="listitem"
              tabindex="-1"
            >
              <div
                class="v-list-item__content"
              >
                <div
                  class="vue2leaflet-map leaflet-container leaflet-grab leaflet-touch-drag"
                  style="z-index: 0; height: 50vh; position: relative;"
                  tabindex="0"
                >
                  <div />
                  <div />
                  <div />
                   
                  <!---->
                  <div
                    class="leaflet-pane leaflet-map-pane"
                    style="left: 0px; top: 0px;"
                  >
                    <div
                      class="leaflet-pane leaflet-tile-pane"
                    >
                      <div
                        class="leaflet-layer "
                        style="z-index: 1;"
                      >
                        <div
                          class="leaflet-tile-container leaflet-zoom-animated"
                          style="z-index: 18; left: 0px; top: 0px;"
                        >
                          <img
                            alt=""
                            class="leaflet-tile"
                            role="presentation"
                            src="https://b.tile.openstreetmap.org/14/9904/5121.png"
                            style="width: 256px; height: 256px; left: -62px; top: -228px;"
                          />
                        </div>
                      </div>
                    </div>
                    <div
                      class="leaflet-pane leaflet-shadow-pane"
                    >
                      <img
                        alt=""
                        class="leaflet-marker-shadow leaflet-zoom-hide"
                        src="marker-shadow.png"
                        style="margin-left: -12px; margin-top: -41px; width: 41px; height: 41px; left: 0px; top: 0px;"
                      />
                    </div>
                    <div
                      class="leaflet-pane leaflet-overlay-pane"
                    />
                    <div
                      class="leaflet-pane leaflet-marker-pane"
                    >
                      <img
                        alt=""
                        class="leaflet-marker-icon leaflet-zoom-hide leaflet-interactive"
                        src="marker-icon.png"
                        style="margin-left: -12px; margin-top: -41px; width: 25px; height: 41px; left: 0px; top: 0px; z-index: 0;"
                        tabindex="0"
                      />
                    </div>
                    <div
                      class="leaflet-pane leaflet-tooltip-pane"
                    />
                    <div
                      class="leaflet-pane leaflet-popup-pane"
                    />
                  </div>
                  <div
                    class="leaflet-control-container"
                  >
                    <div
                      class="leaflet-top leaflet-left"
                    >
                      <div
                        class="leaflet-control-zoom leaflet-bar leaflet-control"
                      >
                        <a
                          aria-label="Zoom in"
                          class="leaflet-control-zoom-in"
                          href="#"
                          role="button"
                          title="Zoom in"
                        >
                          +
                        </a>
                        <a
                          aria-label="Zoom out"
                          class="leaflet-control-zoom-out"
                          href="#"
                          role="button"
                          title="Zoom out"
                        >
                          −
                        </a>
                      </div>
                    </div>
                    <div
                      class="leaflet-top leaflet-right"
                    />
                    <div
                      class="leaflet-bottom leaflet-left"
                    />
                    <div
                      class="leaflet-bottom leaflet-right"
                    >
                      <div
                        class="leaflet-control-locate leaflet-bar leaflet-control"
                      >
                        <a
                          class="leaflet-bar-part leaflet-bar-part-single"
                          title="Определить мое местоположение"
                        >
                          <span
                            class="fa fa-map-marker"
                          />
                        </a>
                      </div>
                      <div
                        class="leaflet-control-attribution leaflet-control"
                      >
                        <a
                          href="https://leafletjs.com"
                          title="A JS library for interactive maps"
                        >
                          Leaflet
                        </a>
                         | Map data: © 
                        <a
                          href="http://www.openstreetmap.org/copyright"
                        >
                          OpenStreetMap
                        </a>
                        , 
                        <a
                          href="http://viewfinderpanoramas.org"
                        >
                          SRTM
                        </a>
                         | Map style: © 
                        <a
                          href="https://opentopomap.org"
                        >
                          OpenTopoMap
                        </a>
                         (
                        <a
                          href="https://creativecommons.org/licenses/by-sa/3.0/"
                        >
                          CC-BY-SA
                        </a>
                        )
                      </div>
                    </div>
                  </div>
                   
                  <!---->
                   
                  <div
                    style="display: none;"
                  />
                   
                  <!---->
                </div>
              </div>
            </div>
             
          </div>
           
          <button
            class="v-btn v-btn--block v-btn--contained theme--light v-size--default primary"
            type="button"
          >
            <span
              class="v-btn__content"
            >
              
                        На подтверждение
                    
            </span>
          </button>
        </form>
      </div>
    </div>
  </div>
</div>
`;
