// Jest Snapshot v1, https://goo.gl/fbAQLP

exports[`Thanks renders 1`] = `
<div
  class="flex xs11 md6 xl4 mx-auto"
>
  <div
    class="mb-10 v-card v-sheet theme--light elevation-12"
  >
    <div
      class="v-list v-sheet v-sheet--tile theme--light"
      role="list"
    >
      <div
        class="v-list-item theme--light"
        role="listitem"
        tabindex="-1"
      >
        <div
          class="v-avatar v-list-item__avatar {avatarMxAuto: 'mx-auto'}"
          style="height: 150px; min-width: 150px; width: 150px;"
        >
          <img
            src="/avatar.png"
            style="object-fit: cover;"
          />
        </div>
      </div>
       
      <div
        class="v-list-item theme--light"
        role="listitem"
        tabindex="-1"
      >
        <div
          class="v-list-item__content"
        >
          <div
            class="v-list-item__title title"
          >
            
                Арт Арт Арт
            
          </div>
        </div>
      </div>
       
      <!---->
       
      <!---->
       
      <!---->
    </div>
     
    <hr
      aria-orientation="horizontal"
      class="v-divider theme--light"
      role="separator"
    />
     
    <div
      class="v-list v-sheet v-sheet--tile theme--light"
      role="list"
    >
      <div
        class="v-list-item theme--light"
        role="listitem"
        tabindex="-1"
      >
        <div
          class="v-list-item__content"
        >
          <div
            class="v-list-item__title"
          >
            kopnik.org v0.1
          </div>
           
          <div
            class="v-list-item__subtitle"
          >
            Бэкенд
          </div>
           
          <div
            class="v-list-item__subtitle"
          >
            
          </div>
        </div>
      </div>
    </div>
  </div>
  <div
    class="mb-10 v-card v-sheet theme--light elevation-12"
  >
    <div
      class="v-list v-sheet v-sheet--tile theme--light"
      role="list"
    >
      <div
        class="v-list-item theme--light"
        role="listitem"
        tabindex="-1"
      >
        <div
          class="v-avatar v-list-item__avatar {avatarMxAuto: 'mx-auto'}"
          style="height: 150px; min-width: 150px; width: 150px;"
        >
          <img
            src="/avatar.png"
            style="object-fit: cover;"
          />
        </div>
      </div>
       
      <div
        class="v-list-item theme--light"
        role="listitem"
        tabindex="-1"
      >
        <div
          class="v-list-item__content"
        >
          <div
            class="v-list-item__title title"
          >
            
                Баранов Алексей qwer
            
          </div>
        </div>
      </div>
       
      <!---->
       
      <!---->
       
      <!---->
    </div>
     
    <hr
      aria-orientation="horizontal"
      class="v-divider theme--light"
      role="separator"
    />
     
    <div
      class="v-list v-sheet v-sheet--tile theme--light"
      role="list"
    >
      <div
        class="v-list-item theme--light"
        role="listitem"
        tabindex="-1"
      >
        <div
          class="v-list-item__content"
        >
          <div
            class="v-list-item__title"
          >
            kopnik.org v0.1
          </div>
           
          <div
            class="v-list-item__subtitle"
          >
            Web-фронтенд/Тимлид
          </div>
           
          <div
            class="v-list-item__subtitle"
          >
            
          </div>
        </div>
      </div>
      <div
        class="v-list-item theme--light"
        role="listitem"
        tabindex="-1"
      >
        <div
          class="v-list-item__content"
        >
          <div
            class="v-list-item__title"
          >
            Макет сайта kopnik.org
          </div>
           
          <div
            class="v-list-item__subtitle"
          >
            Автор
          </div>
           
          <div
            class="v-list-item__subtitle"
          >
            
          </div>
        </div>
      </div>
      <div
        class="v-list-item theme--light"
        role="listitem"
        tabindex="-1"
      >
        <div
          class="v-list-item__content"
        >
          <div
            class="v-list-item__title"
          >
            Правила поведения на улице kopnik.org
          </div>
           
          <div
            class="v-list-item__subtitle"
          >
            Сходатай на копе
          </div>
           
          <div
            class="v-list-item__subtitle"
          >
            
          </div>
        </div>
      </div>
      <div
        class="v-list-item theme--light"
        role="listitem"
        tabindex="-1"
      >
        <div
          class="v-list-item__content"
        >
          <div
            class="v-list-item__title"
          >
            Устав команды по созданию kopnik.org
          </div>
           
          <div
            class="v-list-item__subtitle"
          >
            Автор
          </div>
           
          <div
            class="v-list-item__subtitle"
          >
            
          </div>
        </div>
      </div>
      <div
        class="v-list-item theme--light"
        role="listitem"
        tabindex="-1"
      >
        <div
          class="v-list-item__content"
        >
          <div
            class="v-list-item__title"
          >
            Техническое задание на создание kopnik.org
          </div>
           
          <div
            class="v-list-item__subtitle"
          >
            Заказчик/Архитектор/Техписатель
          </div>
           
          <div
            class="v-list-item__subtitle"
          >
            
          </div>
        </div>
      </div>
      <div
        class="v-list-item theme--light"
        role="listitem"
        tabindex="-1"
      >
        <div
          class="v-list-item__content"
        >
          <div
            class="v-list-item__title"
          >
            Расчет и обоснование стоимости создания kopnik.org
          </div>
           
          <div
            class="v-list-item__subtitle"
          >
            Заказчик/Архитектор/Техписатель
          </div>
           
          <div
            class="v-list-item__subtitle"
          >
            
          </div>
        </div>
      </div>
    </div>
  </div>
  <div
    class="mb-10 v-card v-sheet theme--light elevation-12"
  >
    <div
      class="v-list v-sheet v-sheet--tile theme--light"
      role="list"
    >
      <div
        class="v-list-item theme--light"
        role="listitem"
        tabindex="-1"
      >
        <div
          class="v-avatar v-list-item__avatar {avatarMxAuto: 'mx-auto'}"
          style="height: 150px; min-width: 150px; width: 150px;"
        >
          <img
            style="object-fit: cover;"
          />
        </div>
      </div>
       
      <div
        class="v-list-item theme--light"
        role="listitem"
        tabindex="-1"
      >
        <div
          class="v-list-item__content"
        >
          <div
            class="v-list-item__title title"
          >
            
                 Игорь 
            
          </div>
        </div>
      </div>
       
      <!---->
       
      <!---->
       
      <!---->
    </div>
     
    <hr
      aria-orientation="horizontal"
      class="v-divider theme--light"
      role="separator"
    />
     
    <div
      class="v-list v-sheet v-sheet--tile theme--light"
      role="list"
    >
      <div
        class="v-list-item theme--light"
        role="listitem"
        tabindex="-1"
      >
        <div
          class="v-list-item__content"
        >
          <div
            class="v-list-item__title"
          >
            kopnik.org v0.1
          </div>
           
          <div
            class="v-list-item__subtitle"
          >
            Системное администрирование
          </div>
           
          <div
            class="v-list-item__subtitle"
          >
            
          </div>
        </div>
      </div>
      <div
        class="v-list-item theme--light"
        role="listitem"
        tabindex="-1"
      >
        <div
          class="v-list-item__content"
        >
          <div
            class="v-list-item__title"
          >
            Сервера kopnik.org и dev.kopnik.org
          </div>
           
          <div
            class="v-list-item__subtitle"
          >
            Хозяин
          </div>
           
          <div
            class="v-list-item__subtitle"
          >
            
          </div>
        </div>
      </div>
    </div>
  </div>
  <div
    class="mb-10 v-card v-sheet theme--light elevation-12"
  >
    <div
      class="v-list v-sheet v-sheet--tile theme--light"
      role="list"
    >
      <div
        class="v-list-item theme--light"
        role="listitem"
        tabindex="-1"
      >
        <div
          class="v-avatar v-list-item__avatar {avatarMxAuto: 'mx-auto'}"
          style="height: 150px; min-width: 150px; width: 150px;"
        >
          <img
            src="https://sun1-21.userapi.com/iapk22EQe5H-gyZdPrmmWz7n77nzOwuNG3AqOw/j0EX7sM_ZCE.jpg"
            style="object-fit: cover;"
          />
        </div>
      </div>
       
      <div
        class="v-list-item theme--light"
        role="listitem"
        tabindex="-1"
      >
        <div
          class="v-list-item__content"
        >
          <div
            class="v-list-item__title title"
          >
            
                 Евгений Нигматуллинн 
            
          </div>
        </div>
      </div>
       
      <!---->
       
      <!---->
       
      <!---->
    </div>
     
    <hr
      aria-orientation="horizontal"
      class="v-divider theme--light"
      role="separator"
    />
     
    <div
      class="v-list v-sheet v-sheet--tile theme--light"
      role="list"
    >
      <div
        class="v-list-item theme--light"
        role="listitem"
        tabindex="-1"
      >
        <div
          class="v-list-item__content"
        >
          <div
            class="v-list-item__title"
          >
            Новый временный сайт kopnik.org
          </div>
           
          <div
            class="v-list-item__subtitle"
          >
            Веб-мастер
          </div>
           
          <div
            class="v-list-item__subtitle"
          >
            
          </div>
        </div>
      </div>
      <div
        class="v-list-item theme--light"
        role="listitem"
        tabindex="-1"
      >
        <div
          class="v-list-item__content"
        >
          <div
            class="v-list-item__title"
          >
            Разделы "Нас поддерживают" и "Мы в соцсетях" на временном сайте kopnik.org
          </div>
           
          <div
            class="v-list-item__subtitle"
          >
            Веб-мастер
          </div>
           
          <div
            class="v-list-item__subtitle"
          >
            
          </div>
        </div>
      </div>
    </div>
  </div>
  <div
    class="mb-10 v-card v-sheet theme--light elevation-12"
  >
    <div
      class="v-list v-sheet v-sheet--tile theme--light"
      role="list"
    >
      <div
        class="v-list-item theme--light"
        role="listitem"
        tabindex="-1"
      >
        <div
          class="v-avatar v-list-item__avatar {avatarMxAuto: 'mx-auto'}"
          style="height: 150px; min-width: 150px; width: 150px;"
        >
          <img
            src="https://sun9-43.userapi.com/c849124/v849124535/9890d/jqIsFAEYLdA.jpg"
            style="object-fit: cover;"
          />
        </div>
      </div>
       
      <div
        class="v-list-item theme--light"
        role="listitem"
        tabindex="-1"
      >
        <div
          class="v-list-item__content"
        >
          <div
            class="v-list-item__title title"
          >
            
                 Дмитрий Журбин 
            
          </div>
        </div>
      </div>
       
      <!---->
       
      <!---->
       
      <!---->
    </div>
     
    <hr
      aria-orientation="horizontal"
      class="v-divider theme--light"
      role="separator"
    />
     
    <div
      class="v-list v-sheet v-sheet--tile theme--light"
      role="list"
    >
      <div
        class="v-list-item theme--light"
        role="listitem"
        tabindex="-1"
      >
        <div
          class="v-list-item__content"
        >
          <div
            class="v-list-item__title"
          >
            Перевод ролика о сборе средств на создание kopnik.org
          </div>
           
          <div
            class="v-list-item__subtitle"
          >
            Переводчик/Голос/Монтажер
          </div>
           
          <div
            class="v-list-item__subtitle"
          >
            
          </div>
        </div>
      </div>
    </div>
  </div>
  <div
    class="mb-10 v-card v-sheet theme--light elevation-12"
  >
    <div
      class="v-list v-sheet v-sheet--tile theme--light"
      role="list"
    >
      <div
        class="v-list-item theme--light"
        role="listitem"
        tabindex="-1"
      >
        <div
          class="v-avatar v-list-item__avatar {avatarMxAuto: 'mx-auto'}"
          style="height: 150px; min-width: 150px; width: 150px;"
        >
          <img
            src="/avatar.png"
            style="object-fit: cover;"
          />
        </div>
      </div>
       
      <div
        class="v-list-item theme--light"
        role="listitem"
        tabindex="-1"
      >
        <div
          class="v-list-item__content"
        >
          <div
            class="v-list-item__title title"
          >
            
                Титов Александр Николаевич
            
          </div>
        </div>
      </div>
       
      <!---->
       
      <!---->
       
      <!---->
    </div>
     
    <hr
      aria-orientation="horizontal"
      class="v-divider theme--light"
      role="separator"
    />
     
    <div
      class="v-list v-sheet v-sheet--tile theme--light"
      role="list"
    >
      <div
        class="v-list-item theme--light"
        role="listitem"
        tabindex="-1"
      >
        <div
          class="v-list-item__content"
        >
          <div
            class="v-list-item__title"
          >
            Правила поведения на улице kopnik.org
          </div>
           
          <div
            class="v-list-item__subtitle"
          >
            Сходатай на копе
          </div>
           
          <div
            class="v-list-item__subtitle"
          >
            
          </div>
        </div>
      </div>
      <div
        class="v-list-item theme--light"
        role="listitem"
        tabindex="-1"
      >
        <div
          class="v-list-item__content"
        >
          <div
            class="v-list-item__title"
          >
            Территориальные чаты kopnik.org
          </div>
           
          <div
            class="v-list-item__subtitle"
          >
            Автор идеи/Старший куратор
          </div>
           
          <div
            class="v-list-item__subtitle"
          >
            
          </div>
        </div>
      </div>
    </div>
  </div>
</div>
`;
