// Jest Snapshot v1, https://goo.gl/fbAQLP

exports[`unit models Kopnik confirmed witness reloadWitnessRequests 1`] = `
Array [
  Object {
    "birthyear": 1963,
    "firstName": "Иммануил",
    "foreman_id": null,
    "id": 3,
    "isLoaded": true,
    "lastName": "Некрасов",
    "locale": "ru",
    "location": Object {
      "lat": 30.091113,
      "lng": 149.026323,
    },
    "nickname": null,
    "passport": 7363,
    "patronymic": "Валериан",
    "photo": "https://lorempixel.com/200/200/?47553",
    "role": null,
    "smallPhoto": "https://lorempixel.com/200/200/?47553",
    "status": 1,
    "ten": null,
    "tenRequests": null,
    "uid": null,
    "witnessRequests": null,
    "witness_id": 1,
  },
]
`;

exports[`unit models Kopnik loaded success 1`] = `
Object {
  "birthyear": 1962,
  "firstName": "Павел",
  "foreman_id": null,
  "id": 2,
  "isLoaded": true,
  "lastName": "Сысоев",
  "locale": "ru",
  "location": Object {
    "lat": 41.016,
    "lng": 29.032,
  },
  "nickname": null,
  "passport": null,
  "patronymic": "Иванович",
  "photo": "https://lorempixel.com/200/200/?38192",
  "role": 5,
  "smallPhoto": "https://lorempixel.com/200/200/?38192",
  "status": 0,
  "ten": null,
  "tenRequests": null,
  "uid": null,
  "witnessRequests": null,
  "witness_id": null,
}
`;
