// Jest Snapshot v1, https://goo.gl/fbAQLP

exports[`unit models Kopnik confirmed witness reloadWitnessRequests 1`] = `
Array [
  Object {
    "birthyear": 1963,
    "firstName": "Иммануил",
    "foreman_id": null,
    "id": 3,
    "isLoaded": true,
    "lastName": "Некрасов",
    "locale": "ru",
    "location": Object {
      "lat": 30.091113,
      "lng": 149.026323,
    },
    "nickname": null,
    "passport": 7363,
    "patronymic": "Валериан",
    "photo": "https://lorempixel.com/200/200/?47553",
    "smallPhoto": "https://lorempixel.com/200/200/?47553",
    "status": 1,
    "ten": null,
    "tenRequests": null,
    "uid": null,
    "witnessRequests": null,
    "witness_id": 1,
  },
]
`;

exports[`unit models Kopnik loaded success 1`] = `
Kopnik {
  "attachments": Array [],
  "birthyear": 1962,
  "created": undefined,
  "firstName": "Павел",
  "foreman": null,
  "id": 2,
  "isLoaded": true,
  "lastName": "Сысоев",
  "locale": "ru",
  "location": Object {
    "lat": 35.2672,
    "lng": 64.7382,
  },
  "log": Logger {
    "debug": [Function],
    "disableAll": [Function],
    "enableAll": [Function],
    "error": [Function],
    "getLevel": [Function],
    "info": [Function],
    "levels": Object {
      "DEBUG": 1,
      "ERROR": 4,
      "INFO": 2,
      "SILENT": 5,
      "TRACE": 0,
      "WARN": 3,
    },
    "log": [Function],
    "methodFactory": [Function],
    "name": "Kopnik",
    "setDefaultLevel": [Function],
    "setLevel": [Function],
    "trace": [Function],
    "warn": [Function],
  },
  "nickname": undefined,
  "note": undefined,
  "passport": null,
  "patronymic": "Иванович",
  "photo": "https://lorempixel.com/200/200/?38192",
  "rank": 1,
  "smallPhoto": "https://lorempixel.com/200/200/?38192",
  "status": 0,
  "ten": undefined,
  "tenRequests": undefined,
  "uid": undefined,
  "witness": null,
  "witnessRequests": undefined,
}
`;
