// jest Snapshot v1, https://goo.gl/fbAQLP

exports[`system api get anonymous test/login/1 1`] = `
Object {
  "message": "test login success",
  "status": "success",
  "user": Object {
    "birthyear": 1961,
    "firstName": "Трофим",
    "foreman_id": null,
    "id": 1,
    "lastName": "Калашников",
    "locale": "ru",
    "location": Object {
      "lat": 62.335961,
      "lng": 29.089971,
    },
    "passport": "2541",
    "patronymic": "Колесников",
    "photo": "https://lorempixel.com/200/200/?38191",
    "smallPhoto": "https://lorempixel.com/200/200/?38191",
    "status": 2,
    "witness_id": null,
  },
}
`;

exports[`system api get anonymous test/login/2 1`] = `
Object {
  "message": "test login success",
  "status": "success",
  "user": Object {
    "birthyear": 1962,
    "firstName": "Павел",
    "foreman_id": null,
    "id": 2,
    "lastName": "Сысоев",
    "locale": "ru",
    "location": Object {
      "lat": 41.016,
      "lng": 29.032,
    },
    "passport": "8212",
    "patronymic": "Иванович",
    "photo": "https://lorempixel.com/200/200/?38192",
    "smallPhoto": "https://lorempixel.com/200/200/?38192",
    "status": 0,
    "witness_id": null,
  },
}
`;

exports[`system api get anonymous test/login/3 1`] = `
Object {
  "message": "test login success",
  "status": "success",
  "user": Object {
    "birthyear": 1963,
    "firstName": "Иммануил",
    "foreman_id": null,
    "id": 3,
    "lastName": "Некрасов",
    "locale": "ru",
    "location": Object {
      "lat": 30.091113,
      "lng": 149.026323,
    },
    "passport": "0233",
    "patronymic": "Валериан",
    "photo": "https://lorempixel.com/200/200/?47553",
    "smallPhoto": "https://lorempixel.com/200/200/?47553",
    "status": 1,
    "witness_id": 1,
  },
}
`;

exports[`system api get anonymous test/login/4 1`] = `
Object {
  "message": "test login success",
  "status": "success",
  "user": Object {
    "birthyear": 1944,
    "firstName": "Донат",
    "foreman_id": null,
    "id": 4,
    "lastName": "Жданов",
    "locale": "ru",
    "location": Object {
      "lat": 5.5684,
      "lng": 38.874692,
    },
    "passport": "6584",
    "patronymic": "Клим",
    "photo": "https://lorempixel.com/200/200/?27960",
    "smallPhoto": "https://lorempixel.com/200/200/?27960",
    "status": 3,
    "witness_id": 1,
  },
}
`;

exports[`system api get anonymous test/login/5 1`] = `
Object {
  "message": "test login success",
  "status": "success",
  "user": Object {
    "birthyear": 1975,
    "firstName": "Антонин",
    "foreman_id": null,
    "id": 5,
    "lastName": "Ларионов",
    "locale": "ru",
    "location": Object {
      "lat": 75.46135,
      "lng": 119.580515,
    },
    "passport": "6875",
    "patronymic": "Никодим",
    "photo": "https://lorempixel.com/200/200/?96975",
    "smallPhoto": "https://lorempixel.com/200/200/?96975",
    "status": 2,
    "witness_id": 1,
  },
}
`;

exports[`system api get anonymous test/login/6 1`] = `
Object {
  "message": "test login success",
  "status": "success",
  "user": Object {
    "birthyear": 1986,
    "firstName": "Гора",
    "foreman_id": null,
    "id": 6,
    "lastName": "Мира",
    "locale": "ru",
    "location": Object {
      "lat": 58.1996,
      "lng": 68.256,
    },
    "passport": "8656",
    "patronymic": "Рука",
    "photo": "https://lorempixel.com/200/200/?63436",
    "smallPhoto": "https://lorempixel.com/200/200/?63436",
    "status": 2,
    "witness_id": null,
  },
}
`;

exports[`system api get anonymous users/getTopInsideSquare?x1=-180&y1=-90&x2=180&y2=90&count=20 1`] = `{ error: {"message":"No authentication","code":401,"url":"http://localhost:8082/api/users/getTopInsideSquare?x1=-180&y1=-90&x2=180&y2=90&count=20"} }`;

exports[`system api get anonymous users/pending 1`] = `{ error: {"message":"No authentication","code":401,"url":"http://localhost:8082/api/users/pending"} }`;

exports[`system api get user1 users/get?ids= 1`] = `
Array [
  Object {
    "birthyear": 1961,
    "firstName": "Трофим",
    "foreman_id": null,
    "id": 1,
    "lastName": "Калашников",
    "locale": "ru",
    "location": Object {
      "lat": 62.335961,
      "lng": 29.089971,
    },
    "passport": "2541",
    "patronymic": "Колесников",
    "photo": "https://lorempixel.com/200/200/?38191",
    "role": 1,
    "smallPhoto": "https://lorempixel.com/200/200/?38191",
    "status": 2,
    "witness_id": null,
  },
]
`;

exports[`system api get user1 users/get?ids=1 1`] = `
Array [
  Object {
    "birthyear": 1961,
    "firstName": "Трофим",
    "foreman_id": null,
    "id": 1,
    "lastName": "Калашников",
    "locale": "ru",
    "location": Object {
      "lat": 62.335961,
      "lng": 29.089971,
    },
    "passport": "2541",
    "patronymic": "Колесников",
    "photo": "https://lorempixel.com/200/200/?38191",
    "role": 1,
    "smallPhoto": "https://lorempixel.com/200/200/?38191",
    "status": 2,
    "witness_id": null,
  },
]
`;

exports[`system api get user1 users/get?ids=1,2,3 1`] = `
Array [
  Object {
    "birthyear": 1961,
    "firstName": "Трофим",
    "foreman_id": null,
    "id": 1,
    "lastName": "Калашников",
    "locale": "ru",
    "location": Object {
      "lat": 62.335961,
      "lng": 29.089971,
    },
    "passport": "2541",
    "patronymic": "Колесников",
    "photo": "https://lorempixel.com/200/200/?38191",
    "role": 1,
    "smallPhoto": "https://lorempixel.com/200/200/?38191",
    "status": 2,
    "witness_id": null,
  },
  Object {
    "birthyear": 1962,
    "firstName": "Павел",
    "foreman_id": null,
    "id": 2,
    "lastName": "Сысоев",
    "locale": "ru",
    "location": Object {
      "lat": 41.016,
      "lng": 29.032,
    },
    "passport": null,
    "patronymic": "Иванович",
    "photo": "https://lorempixel.com/200/200/?38192",
    "role": 5,
    "smallPhoto": "https://lorempixel.com/200/200/?38192",
    "status": 0,
    "witness_id": null,
  },
  Object {
    "birthyear": 1963,
    "firstName": "Иммануил",
    "foreman_id": null,
    "id": 3,
    "lastName": "Некрасов",
    "locale": "ru",
    "location": Object {
      "lat": 30.091113,
      "lng": 149.026323,
    },
    "passport": null,
    "patronymic": "Валериан",
    "photo": "https://lorempixel.com/200/200/?47553",
    "role": 1,
    "smallPhoto": "https://lorempixel.com/200/200/?47553",
    "status": 1,
    "witness_id": 1,
  },
]
`;

exports[`system api get user1 users/get?ids=2 1`] = `
Array [
  Object {
    "birthyear": 1962,
    "firstName": "Павел",
    "foreman_id": null,
    "id": 2,
    "lastName": "Сысоев",
    "locale": "ru",
    "location": Object {
      "lat": 41.016,
      "lng": 29.032,
    },
    "passport": null,
    "patronymic": "Иванович",
    "photo": "https://lorempixel.com/200/200/?38192",
    "role": 5,
    "smallPhoto": "https://lorempixel.com/200/200/?38192",
    "status": 0,
    "witness_id": null,
  },
]
`;

exports[`system api get user1 users/get?ids=3 1`] = `
Array [
  Object {
    "birthyear": 1963,
    "firstName": "Иммануил",
    "foreman_id": null,
    "id": 3,
    "lastName": "Некрасов",
    "locale": "ru",
    "location": Object {
      "lat": 30.091113,
      "lng": 149.026323,
    },
    "passport": null,
    "patronymic": "Валериан",
    "photo": "https://lorempixel.com/200/200/?47553",
    "role": 1,
    "smallPhoto": "https://lorempixel.com/200/200/?47553",
    "status": 1,
    "witness_id": 1,
  },
]
`;

exports[`system api get user1 users/get?ids=4 1`] = `
Array [
  Object {
    "birthyear": 1944,
    "firstName": "Донат",
    "foreman_id": null,
    "id": 4,
    "lastName": "Жданов",
    "locale": "ru",
    "location": Object {
      "lat": 5.5684,
      "lng": 38.874692,
    },
    "passport": null,
    "patronymic": "Клим",
    "photo": "https://lorempixel.com/200/200/?27960",
    "role": 1,
    "smallPhoto": "https://lorempixel.com/200/200/?27960",
    "status": 3,
    "witness_id": 1,
  },
]
`;

exports[`system api get user1 users/pending 1`] = `
Array [
  Object {
    "birthyear": 1963,
    "firstName": "Иммануил",
    "foreman_id": null,
    "id": 3,
    "lastName": "Некрасов",
    "locale": "ru",
    "location": Object {
      "lat": 30.091113,
      "lng": 149.026323,
    },
    "passport": "0233",
    "patronymic": "Валериан",
    "photo": "https://lorempixel.com/200/200/?47553",
    "role": 1,
    "smallPhoto": "https://lorempixel.com/200/200/?47553",
    "status": 1,
    "witness_id": 1,
  },
]
`;

exports[`system api get user2 users/get?ids= 1`] = `
Array [
  Object {
    "birthyear": 1962,
    "firstName": "Павел",
    "foreman_id": null,
    "id": 2,
    "lastName": "Сысоев",
    "locale": "ru",
    "location": Object {
      "lat": 41.016,
      "lng": 29.032,
    },
    "passport": "8212",
    "patronymic": "Иванович",
    "photo": "https://lorempixel.com/200/200/?38192",
    "role": 5,
    "smallPhoto": "https://lorempixel.com/200/200/?38192",
    "status": 0,
    "witness_id": null,
  },
]
`;

exports[`system api get user2 users/get?ids=2 1`] = `
Array [
  Object {
    "birthyear": 1962,
    "firstName": "Павел",
    "foreman_id": null,
    "id": 2,
    "lastName": "Сысоев",
    "locale": "ru",
    "location": Object {
      "lat": 41.016,
      "lng": 29.032,
    },
    "passport": "8212",
    "patronymic": "Иванович",
    "photo": "https://lorempixel.com/200/200/?38192",
    "role": 5,
    "smallPhoto": "https://lorempixel.com/200/200/?38192",
    "status": 0,
    "witness_id": null,
  },
]
`;

exports[`system api get user2 users/getTopInsideSquare?x1=-180&y1=-90&x2=180&y2=90&count=20 1`] = `
Array [
  Object {
    "birthyear": 1979,
    "firstName": "Валери1",
    "foreman_id": 6,
    "id": 9,
    "lastName": "Дементьев",
    "locale": "ru",
    "location": Object {
      "lat": 74.513169,
      "lng": -29.77029,
    },
    "passport": null,
    "patronymic": "Краснов",
    "photo": "https://lorempixel.com/200/200/?59089",
    "role": 1,
    "smallPhoto": "https://lorempixel.com/200/200/?59089",
    "status": 2,
    "witness_id": null,
  },
  Object {
    "birthyear": 1961,
    "firstName": "Трофим",
    "foreman_id": null,
    "id": 1,
    "lastName": "Калашников",
    "locale": "ru",
    "location": Object {
      "lat": 62.335961,
      "lng": 29.089971,
    },
    "passport": null,
    "patronymic": "Колесников",
    "photo": "https://lorempixel.com/200/200/?38191",
    "role": 1,
    "smallPhoto": "https://lorempixel.com/200/200/?38191",
    "status": 2,
    "witness_id": null,
  },
  Object {
    "birthyear": 1912,
    "firstName": "Святослав",
    "foreman_id": 6,
    "id": 12,
    "lastName": "Андреев",
    "locale": "ru",
    "location": Object {
      "lat": 82.420112,
      "lng": 33.733612,
    },
    "passport": null,
    "patronymic": "Доронин",
    "photo": "https://lorempixel.com/200/200/?51812",
    "role": 1,
    "smallPhoto": "https://lorempixel.com/200/200/?51812",
    "status": 2,
    "witness_id": null,
  },
  Object {
    "birthyear": 1908,
    "firstName": "Калаш",
    "foreman_id": 6,
    "id": 8,
    "lastName": "Калашников",
    "locale": "ru",
    "location": Object {
      "lat": 14.544988,
      "lng": 67.221538,
    },
    "passport": null,
    "patronymic": "Максимов",
    "photo": "https://lorempixel.com/200/200/?38824",
    "role": 1,
    "smallPhoto": "https://lorempixel.com/200/200/?38824",
    "status": 2,
    "witness_id": null,
  },
  Object {
    "birthyear": 1986,
    "firstName": "Гора",
    "foreman_id": null,
    "id": 6,
    "lastName": "Мира",
    "locale": "ru",
    "location": Object {
      "lat": 58.1996,
      "lng": 68.256,
    },
    "passport": null,
    "patronymic": "Рука",
    "photo": "https://lorempixel.com/200/200/?63436",
    "role": 1,
    "smallPhoto": "https://lorempixel.com/200/200/?63436",
    "status": 2,
    "witness_id": null,
  },
  Object {
    "birthyear": 1914,
    "firstName": "Меркуш",
    "foreman_id": 6,
    "id": 14,
    "lastName": "Гурьев",
    "locale": "ru",
    "location": Object {
      "lat": 52.07014,
      "lng": 100.035114,
    },
    "passport": null,
    "patronymic": "Селезнев",
    "photo": "https://lorempixel.com/200/200/?90514",
    "role": 1,
    "smallPhoto": "https://lorempixel.com/200/200/?90514",
    "status": 2,
    "witness_id": null,
  },
  Object {
    "birthyear": 1980,
    "firstName": "Сазон",
    "foreman_id": 6,
    "id": 10,
    "lastName": "Климов",
    "locale": "ru",
    "location": Object {
      "lat": 84.28701,
      "lng": 108.1581,
    },
    "passport": null,
    "patronymic": "Гуляев",
    "photo": "https://lorempixel.com/200/200/?71410",
    "role": 1,
    "smallPhoto": "https://lorempixel.com/200/200/?71410",
    "status": 2,
    "witness_id": null,
  },
  Object {
    "birthyear": 1975,
    "firstName": "Антонин",
    "foreman_id": null,
    "id": 5,
    "lastName": "Ларионов",
    "locale": "ru",
    "location": Object {
      "lat": 75.46135,
      "lng": 119.580515,
    },
    "passport": null,
    "patronymic": "Никодим",
    "photo": "https://lorempixel.com/200/200/?96975",
    "role": 1,
    "smallPhoto": "https://lorempixel.com/200/200/?96975",
    "status": 2,
    "witness_id": 1,
  },
  Object {
    "birthyear": 1915,
    "firstName": "Иван",
    "foreman_id": 6,
    "id": 15,
    "lastName": "Копылов",
    "locale": "ru",
    "location": Object {
      "lat": 68.491715,
      "lng": 133.189715,
    },
    "passport": null,
    "patronymic": "Шашков",
    "photo": "https://lorempixel.com/200/200/?57215",
    "role": 1,
    "smallPhoto": "https://lorempixel.com/200/200/?57215",
    "status": 2,
    "witness_id": null,
  },
  Object {
    "birthyear": 1937,
    "firstName": "Рама",
    "foreman_id": 6,
    "id": 7,
    "lastName": "Карпов",
    "locale": "ru",
    "location": Object {
      "lat": 47.042607,
      "lng": 147.94407,
    },
    "passport": null,
    "patronymic": "Степанов",
    "photo": "https://lorempixel.com/200/200/?64517",
    "role": 1,
    "smallPhoto": "https://lorempixel.com/200/200/?64517",
    "status": 2,
    "witness_id": null,
  },
  Object {
    "birthyear": 1911,
    "firstName": "Никодим",
    "foreman_id": 6,
    "id": 11,
    "lastName": "Селезнёв",
    "locale": "ru",
    "location": Object {
      "lat": 59.790211,
      "lng": 167.918211,
    },
    "passport": null,
    "patronymic": "Сазонов",
    "photo": "https://lorempixel.com/200/200/?34574",
    "role": 1,
    "smallPhoto": "https://lorempixel.com/200/200/?34574",
    "status": 2,
    "witness_id": null,
  },
  Object {
    "birthyear": 1913,
    "firstName": "Вячеслав",
    "foreman_id": 6,
    "id": 13,
    "lastName": "Бобров",
    "locale": "ru",
    "location": Object {
      "lat": 15.743013,
      "lng": 171.877613,
    },
    "passport": null,
    "patronymic": "Кудрявцев",
    "photo": "https://lorempixel.com/200/200/?13013",
    "role": 1,
    "smallPhoto": "https://lorempixel.com/200/200/?13013",
    "status": 2,
    "witness_id": null,
  },
]
`;

exports[`system api get user2 users/isMessagesFromGroupAllowed 1`] = `true`;

exports[`system api get user2 users/pending 1`] = `{ error: {"message":"ACCESS_DENIED: Получить заявки могут только заверители","code":403,"url":"http://localhost:8082/api/users/pending"} }`;

exports[`system api get user3 users/get?ids= 1`] = `
Array [
  Object {
    "birthyear": 1963,
    "firstName": "Иммануил",
    "foreman_id": null,
    "id": 3,
    "lastName": "Некрасов",
    "locale": "ru",
    "location": Object {
      "lat": 30.091113,
      "lng": 149.026323,
    },
    "passport": "0233",
    "patronymic": "Валериан",
    "photo": "https://lorempixel.com/200/200/?47553",
    "role": 1,
    "smallPhoto": "https://lorempixel.com/200/200/?47553",
    "status": 1,
    "witness_id": 1,
  },
]
`;

exports[`system api get user3 users/get?ids=3 1`] = `
Array [
  Object {
    "birthyear": 1963,
    "firstName": "Иммануил",
    "foreman_id": null,
    "id": 3,
    "lastName": "Некрасов",
    "locale": "ru",
    "location": Object {
      "lat": 30.091113,
      "lng": 149.026323,
    },
    "passport": "0233",
    "patronymic": "Валериан",
    "photo": "https://lorempixel.com/200/200/?47553",
    "role": 1,
    "smallPhoto": "https://lorempixel.com/200/200/?47553",
    "status": 1,
    "witness_id": 1,
  },
]
`;

exports[`system api get user3 users/getTopInsideSquare?x1=-180&y1=-90&x2=180&y2=90&count=20 1`] = `
Array [
  Object {
    "birthyear": 1979,
    "firstName": "Валери1",
    "foreman_id": 6,
    "id": 9,
    "lastName": "Дементьев",
    "locale": "ru",
    "location": Object {
      "lat": 74.513169,
      "lng": -29.77029,
    },
    "passport": null,
    "patronymic": "Краснов",
    "photo": "https://lorempixel.com/200/200/?59089",
    "role": 1,
    "smallPhoto": "https://lorempixel.com/200/200/?59089",
    "status": 2,
    "witness_id": null,
  },
  Object {
    "birthyear": 1961,
    "firstName": "Трофим",
    "foreman_id": null,
    "id": 1,
    "lastName": "Калашников",
    "locale": "ru",
    "location": Object {
      "lat": 62.335961,
      "lng": 29.089971,
    },
    "passport": null,
    "patronymic": "Колесников",
    "photo": "https://lorempixel.com/200/200/?38191",
    "role": 1,
    "smallPhoto": "https://lorempixel.com/200/200/?38191",
    "status": 2,
    "witness_id": null,
  },
  Object {
    "birthyear": 1912,
    "firstName": "Святослав",
    "foreman_id": 6,
    "id": 12,
    "lastName": "Андреев",
    "locale": "ru",
    "location": Object {
      "lat": 82.420112,
      "lng": 33.733612,
    },
    "passport": null,
    "patronymic": "Доронин",
    "photo": "https://lorempixel.com/200/200/?51812",
    "role": 1,
    "smallPhoto": "https://lorempixel.com/200/200/?51812",
    "status": 2,
    "witness_id": null,
  },
  Object {
    "birthyear": 1908,
    "firstName": "Калаш",
    "foreman_id": 6,
    "id": 8,
    "lastName": "Калашников",
    "locale": "ru",
    "location": Object {
      "lat": 14.544988,
      "lng": 67.221538,
    },
    "passport": null,
    "patronymic": "Максимов",
    "photo": "https://lorempixel.com/200/200/?38824",
    "role": 1,
    "smallPhoto": "https://lorempixel.com/200/200/?38824",
    "status": 2,
    "witness_id": null,
  },
  Object {
    "birthyear": 1986,
    "firstName": "Гора",
    "foreman_id": null,
    "id": 6,
    "lastName": "Мира",
    "locale": "ru",
    "location": Object {
      "lat": 58.1996,
      "lng": 68.256,
    },
    "passport": null,
    "patronymic": "Рука",
    "photo": "https://lorempixel.com/200/200/?63436",
    "role": 1,
    "smallPhoto": "https://lorempixel.com/200/200/?63436",
    "status": 2,
    "witness_id": null,
  },
  Object {
    "birthyear": 1914,
    "firstName": "Меркуш",
    "foreman_id": 6,
    "id": 14,
    "lastName": "Гурьев",
    "locale": "ru",
    "location": Object {
      "lat": 52.07014,
      "lng": 100.035114,
    },
    "passport": null,
    "patronymic": "Селезнев",
    "photo": "https://lorempixel.com/200/200/?90514",
    "role": 1,
    "smallPhoto": "https://lorempixel.com/200/200/?90514",
    "status": 2,
    "witness_id": null,
  },
  Object {
    "birthyear": 1980,
    "firstName": "Сазон",
    "foreman_id": 6,
    "id": 10,
    "lastName": "Климов",
    "locale": "ru",
    "location": Object {
      "lat": 84.28701,
      "lng": 108.1581,
    },
    "passport": null,
    "patronymic": "Гуляев",
    "photo": "https://lorempixel.com/200/200/?71410",
    "role": 1,
    "smallPhoto": "https://lorempixel.com/200/200/?71410",
    "status": 2,
    "witness_id": null,
  },
  Object {
    "birthyear": 1975,
    "firstName": "Антонин",
    "foreman_id": null,
    "id": 5,
    "lastName": "Ларионов",
    "locale": "ru",
    "location": Object {
      "lat": 75.46135,
      "lng": 119.580515,
    },
    "passport": null,
    "patronymic": "Никодим",
    "photo": "https://lorempixel.com/200/200/?96975",
    "role": 1,
    "smallPhoto": "https://lorempixel.com/200/200/?96975",
    "status": 2,
    "witness_id": 1,
  },
  Object {
    "birthyear": 1915,
    "firstName": "Иван",
    "foreman_id": 6,
    "id": 15,
    "lastName": "Копылов",
    "locale": "ru",
    "location": Object {
      "lat": 68.491715,
      "lng": 133.189715,
    },
    "passport": null,
    "patronymic": "Шашков",
    "photo": "https://lorempixel.com/200/200/?57215",
    "role": 1,
    "smallPhoto": "https://lorempixel.com/200/200/?57215",
    "status": 2,
    "witness_id": null,
  },
  Object {
    "birthyear": 1937,
    "firstName": "Рама",
    "foreman_id": 6,
    "id": 7,
    "lastName": "Карпов",
    "locale": "ru",
    "location": Object {
      "lat": 47.042607,
      "lng": 147.94407,
    },
    "passport": null,
    "patronymic": "Степанов",
    "photo": "https://lorempixel.com/200/200/?64517",
    "role": 1,
    "smallPhoto": "https://lorempixel.com/200/200/?64517",
    "status": 2,
    "witness_id": null,
  },
  Object {
    "birthyear": 1911,
    "firstName": "Никодим",
    "foreman_id": 6,
    "id": 11,
    "lastName": "Селезнёв",
    "locale": "ru",
    "location": Object {
      "lat": 59.790211,
      "lng": 167.918211,
    },
    "passport": null,
    "patronymic": "Сазонов",
    "photo": "https://lorempixel.com/200/200/?34574",
    "role": 1,
    "smallPhoto": "https://lorempixel.com/200/200/?34574",
    "status": 2,
    "witness_id": null,
  },
  Object {
    "birthyear": 1913,
    "firstName": "Вячеслав",
    "foreman_id": 6,
    "id": 13,
    "lastName": "Бобров",
    "locale": "ru",
    "location": Object {
      "lat": 15.743013,
      "lng": 171.877613,
    },
    "passport": null,
    "patronymic": "Кудрявцев",
    "photo": "https://lorempixel.com/200/200/?13013",
    "role": 1,
    "smallPhoto": "https://lorempixel.com/200/200/?13013",
    "status": 2,
    "witness_id": null,
  },
]
`;

exports[`system api get user3 users/pending 1`] = `{ error: {"message":"ACCESS_DENIED: Получить заявки могут только заверители","code":403,"url":"http://localhost:8082/api/users/pending"} }`;

exports[`system api get user4 users/get?ids= 1`] = `
Array [
  Object {
    "birthyear": 1944,
    "firstName": "Донат",
    "foreman_id": null,
    "id": 4,
    "lastName": "Жданов",
    "locale": "ru",
    "location": Object {
      "lat": 5.5684,
      "lng": 38.874692,
    },
    "passport": "6584",
    "patronymic": "Клим",
    "photo": "https://lorempixel.com/200/200/?27960",
    "role": 1,
    "smallPhoto": "https://lorempixel.com/200/200/?27960",
    "status": 3,
    "witness_id": 1,
  },
]
`;

exports[`system api get user4 users/get?ids=4 1`] = `
Array [
  Object {
    "birthyear": 1944,
    "firstName": "Донат",
    "foreman_id": null,
    "id": 4,
    "lastName": "Жданов",
    "locale": "ru",
    "location": Object {
      "lat": 5.5684,
      "lng": 38.874692,
    },
    "passport": "6584",
    "patronymic": "Клим",
    "photo": "https://lorempixel.com/200/200/?27960",
    "role": 1,
    "smallPhoto": "https://lorempixel.com/200/200/?27960",
    "status": 3,
    "witness_id": 1,
  },
]
`;

exports[`system api get user4 users/getTopInsideSquare?x1=-180&y1=-90&x2=180&y2=90&count=20 1`] = `
Array [
  Object {
    "birthyear": 1979,
    "firstName": "Валери1",
    "foreman_id": 6,
    "id": 9,
    "lastName": "Дементьев",
    "locale": "ru",
    "location": Object {
      "lat": 74.513169,
      "lng": -29.77029,
    },
    "passport": null,
    "patronymic": "Краснов",
    "photo": "https://lorempixel.com/200/200/?59089",
    "role": 1,
    "smallPhoto": "https://lorempixel.com/200/200/?59089",
    "status": 2,
    "witness_id": null,
  },
  Object {
    "birthyear": 1961,
    "firstName": "Трофим",
    "foreman_id": null,
    "id": 1,
    "lastName": "Калашников",
    "locale": "ru",
    "location": Object {
      "lat": 62.335961,
      "lng": 29.089971,
    },
    "passport": null,
    "patronymic": "Колесников",
    "photo": "https://lorempixel.com/200/200/?38191",
    "role": 1,
    "smallPhoto": "https://lorempixel.com/200/200/?38191",
    "status": 2,
    "witness_id": null,
  },
  Object {
    "birthyear": 1912,
    "firstName": "Святослав",
    "foreman_id": 6,
    "id": 12,
    "lastName": "Андреев",
    "locale": "ru",
    "location": Object {
      "lat": 82.420112,
      "lng": 33.733612,
    },
    "passport": null,
    "patronymic": "Доронин",
    "photo": "https://lorempixel.com/200/200/?51812",
    "role": 1,
    "smallPhoto": "https://lorempixel.com/200/200/?51812",
    "status": 2,
    "witness_id": null,
  },
  Object {
    "birthyear": 1908,
    "firstName": "Калаш",
    "foreman_id": 6,
    "id": 8,
    "lastName": "Калашников",
    "locale": "ru",
    "location": Object {
      "lat": 14.544988,
      "lng": 67.221538,
    },
    "passport": null,
    "patronymic": "Максимов",
    "photo": "https://lorempixel.com/200/200/?38824",
    "role": 1,
    "smallPhoto": "https://lorempixel.com/200/200/?38824",
    "status": 2,
    "witness_id": null,
  },
  Object {
    "birthyear": 1986,
    "firstName": "Гора",
    "foreman_id": null,
    "id": 6,
    "lastName": "Мира",
    "locale": "ru",
    "location": Object {
      "lat": 58.1996,
      "lng": 68.256,
    },
    "passport": null,
    "patronymic": "Рука",
    "photo": "https://lorempixel.com/200/200/?63436",
    "role": 1,
    "smallPhoto": "https://lorempixel.com/200/200/?63436",
    "status": 2,
    "witness_id": null,
  },
  Object {
    "birthyear": 1914,
    "firstName": "Меркуш",
    "foreman_id": 6,
    "id": 14,
    "lastName": "Гурьев",
    "locale": "ru",
    "location": Object {
      "lat": 52.07014,
      "lng": 100.035114,
    },
    "passport": null,
    "patronymic": "Селезнев",
    "photo": "https://lorempixel.com/200/200/?90514",
    "role": 1,
    "smallPhoto": "https://lorempixel.com/200/200/?90514",
    "status": 2,
    "witness_id": null,
  },
  Object {
    "birthyear": 1980,
    "firstName": "Сазон",
    "foreman_id": 6,
    "id": 10,
    "lastName": "Климов",
    "locale": "ru",
    "location": Object {
      "lat": 84.28701,
      "lng": 108.1581,
    },
    "passport": null,
    "patronymic": "Гуляев",
    "photo": "https://lorempixel.com/200/200/?71410",
    "role": 1,
    "smallPhoto": "https://lorempixel.com/200/200/?71410",
    "status": 2,
    "witness_id": null,
  },
  Object {
    "birthyear": 1975,
    "firstName": "Антонин",
    "foreman_id": null,
    "id": 5,
    "lastName": "Ларионов",
    "locale": "ru",
    "location": Object {
      "lat": 75.46135,
      "lng": 119.580515,
    },
    "passport": null,
    "patronymic": "Никодим",
    "photo": "https://lorempixel.com/200/200/?96975",
    "role": 1,
    "smallPhoto": "https://lorempixel.com/200/200/?96975",
    "status": 2,
    "witness_id": 1,
  },
  Object {
    "birthyear": 1915,
    "firstName": "Иван",
    "foreman_id": 6,
    "id": 15,
    "lastName": "Копылов",
    "locale": "ru",
    "location": Object {
      "lat": 68.491715,
      "lng": 133.189715,
    },
    "passport": null,
    "patronymic": "Шашков",
    "photo": "https://lorempixel.com/200/200/?57215",
    "role": 1,
    "smallPhoto": "https://lorempixel.com/200/200/?57215",
    "status": 2,
    "witness_id": null,
  },
  Object {
    "birthyear": 1937,
    "firstName": "Рама",
    "foreman_id": 6,
    "id": 7,
    "lastName": "Карпов",
    "locale": "ru",
    "location": Object {
      "lat": 47.042607,
      "lng": 147.94407,
    },
    "passport": null,
    "patronymic": "Степанов",
    "photo": "https://lorempixel.com/200/200/?64517",
    "role": 1,
    "smallPhoto": "https://lorempixel.com/200/200/?64517",
    "status": 2,
    "witness_id": null,
  },
  Object {
    "birthyear": 1911,
    "firstName": "Никодим",
    "foreman_id": 6,
    "id": 11,
    "lastName": "Селезнёв",
    "locale": "ru",
    "location": Object {
      "lat": 59.790211,
      "lng": 167.918211,
    },
    "passport": null,
    "patronymic": "Сазонов",
    "photo": "https://lorempixel.com/200/200/?34574",
    "role": 1,
    "smallPhoto": "https://lorempixel.com/200/200/?34574",
    "status": 2,
    "witness_id": null,
  },
  Object {
    "birthyear": 1913,
    "firstName": "Вячеслав",
    "foreman_id": 6,
    "id": 13,
    "lastName": "Бобров",
    "locale": "ru",
    "location": Object {
      "lat": 15.743013,
      "lng": 171.877613,
    },
    "passport": null,
    "patronymic": "Кудрявцев",
    "photo": "https://lorempixel.com/200/200/?13013",
    "role": 1,
    "smallPhoto": "https://lorempixel.com/200/200/?13013",
    "status": 2,
    "witness_id": null,
  },
]
`;

exports[`system api get user4 users/pending 1`] = `{ error: {"message":"ACCESS_DENIED: Получить заявки могут только заверители","code":403,"url":"http://localhost:8082/api/users/pending"} }`;

exports[`system api get user5 users/get?ids= 1`] = `
Array [
  Object {
    "birthyear": 1975,
    "firstName": "Антонин",
    "foreman_id": null,
    "id": 5,
    "lastName": "Ларионов",
    "locale": "ru",
    "location": Object {
      "lat": 75.46135,
      "lng": 119.580515,
    },
    "passport": "6875",
    "patronymic": "Никодим",
    "photo": "https://lorempixel.com/200/200/?96975",
    "role": 1,
    "smallPhoto": "https://lorempixel.com/200/200/?96975",
    "status": 2,
    "witness_id": 1,
  },
]
`;

exports[`system api get user5 users/get?ids=5 1`] = `
Array [
  Object {
    "birthyear": 1975,
    "firstName": "Антонин",
    "foreman_id": null,
    "id": 5,
    "lastName": "Ларионов",
    "locale": "ru",
    "location": Object {
      "lat": 75.46135,
      "lng": 119.580515,
    },
    "passport": "6875",
    "patronymic": "Никодим",
    "photo": "https://lorempixel.com/200/200/?96975",
    "role": 1,
    "smallPhoto": "https://lorempixel.com/200/200/?96975",
    "status": 2,
    "witness_id": 1,
  },
]
`;

exports[`system api get user5 users/getTopInsideSquare?x1=-180&y1=-90&x2=180&y2=90&count=20 1`] = `
Array [
  Object {
    "birthyear": 1979,
    "firstName": "Валери1",
    "foreman_id": 6,
    "id": 9,
    "lastName": "Дементьев",
    "locale": "ru",
    "location": Object {
      "lat": 74.513169,
      "lng": -29.77029,
    },
    "passport": null,
    "patronymic": "Краснов",
    "photo": "https://lorempixel.com/200/200/?59089",
    "role": 1,
    "smallPhoto": "https://lorempixel.com/200/200/?59089",
    "status": 2,
    "witness_id": null,
  },
  Object {
    "birthyear": 1961,
    "firstName": "Трофим",
    "foreman_id": null,
    "id": 1,
    "lastName": "Калашников",
    "locale": "ru",
    "location": Object {
      "lat": 62.335961,
      "lng": 29.089971,
    },
    "passport": null,
    "patronymic": "Колесников",
    "photo": "https://lorempixel.com/200/200/?38191",
    "role": 1,
    "smallPhoto": "https://lorempixel.com/200/200/?38191",
    "status": 2,
    "witness_id": null,
  },
  Object {
    "birthyear": 1912,
    "firstName": "Святослав",
    "foreman_id": 6,
    "id": 12,
    "lastName": "Андреев",
    "locale": "ru",
    "location": Object {
      "lat": 82.420112,
      "lng": 33.733612,
    },
    "passport": null,
    "patronymic": "Доронин",
    "photo": "https://lorempixel.com/200/200/?51812",
    "role": 1,
    "smallPhoto": "https://lorempixel.com/200/200/?51812",
    "status": 2,
    "witness_id": null,
  },
  Object {
    "birthyear": 1908,
    "firstName": "Калаш",
    "foreman_id": 6,
    "id": 8,
    "lastName": "Калашников",
    "locale": "ru",
    "location": Object {
      "lat": 14.544988,
      "lng": 67.221538,
    },
    "passport": null,
    "patronymic": "Максимов",
    "photo": "https://lorempixel.com/200/200/?38824",
    "role": 1,
    "smallPhoto": "https://lorempixel.com/200/200/?38824",
    "status": 2,
    "witness_id": null,
  },
  Object {
    "birthyear": 1986,
    "firstName": "Гора",
    "foreman_id": null,
    "id": 6,
    "lastName": "Мира",
    "locale": "ru",
    "location": Object {
      "lat": 58.1996,
      "lng": 68.256,
    },
    "passport": null,
    "patronymic": "Рука",
    "photo": "https://lorempixel.com/200/200/?63436",
    "role": 1,
    "smallPhoto": "https://lorempixel.com/200/200/?63436",
    "status": 2,
    "witness_id": null,
  },
  Object {
    "birthyear": 1914,
    "firstName": "Меркуш",
    "foreman_id": 6,
    "id": 14,
    "lastName": "Гурьев",
    "locale": "ru",
    "location": Object {
      "lat": 52.07014,
      "lng": 100.035114,
    },
    "passport": null,
    "patronymic": "Селезнев",
    "photo": "https://lorempixel.com/200/200/?90514",
    "role": 1,
    "smallPhoto": "https://lorempixel.com/200/200/?90514",
    "status": 2,
    "witness_id": null,
  },
  Object {
    "birthyear": 1980,
    "firstName": "Сазон",
    "foreman_id": 6,
    "id": 10,
    "lastName": "Климов",
    "locale": "ru",
    "location": Object {
      "lat": 84.28701,
      "lng": 108.1581,
    },
    "passport": null,
    "patronymic": "Гуляев",
    "photo": "https://lorempixel.com/200/200/?71410",
    "role": 1,
    "smallPhoto": "https://lorempixel.com/200/200/?71410",
    "status": 2,
    "witness_id": null,
  },
  Object {
    "birthyear": 1975,
    "firstName": "Антонин",
    "foreman_id": null,
    "id": 5,
    "lastName": "Ларионов",
    "locale": "ru",
    "location": Object {
      "lat": 75.46135,
      "lng": 119.580515,
    },
    "passport": "6875",
    "patronymic": "Никодим",
    "photo": "https://lorempixel.com/200/200/?96975",
    "role": 1,
    "smallPhoto": "https://lorempixel.com/200/200/?96975",
    "status": 2,
    "witness_id": 1,
  },
  Object {
    "birthyear": 1915,
    "firstName": "Иван",
    "foreman_id": 6,
    "id": 15,
    "lastName": "Копылов",
    "locale": "ru",
    "location": Object {
      "lat": 68.491715,
      "lng": 133.189715,
    },
    "passport": null,
    "patronymic": "Шашков",
    "photo": "https://lorempixel.com/200/200/?57215",
    "role": 1,
    "smallPhoto": "https://lorempixel.com/200/200/?57215",
    "status": 2,
    "witness_id": null,
  },
  Object {
    "birthyear": 1937,
    "firstName": "Рама",
    "foreman_id": 6,
    "id": 7,
    "lastName": "Карпов",
    "locale": "ru",
    "location": Object {
      "lat": 47.042607,
      "lng": 147.94407,
    },
    "passport": null,
    "patronymic": "Степанов",
    "photo": "https://lorempixel.com/200/200/?64517",
    "role": 1,
    "smallPhoto": "https://lorempixel.com/200/200/?64517",
    "status": 2,
    "witness_id": null,
  },
  Object {
    "birthyear": 1911,
    "firstName": "Никодим",
    "foreman_id": 6,
    "id": 11,
    "lastName": "Селезнёв",
    "locale": "ru",
    "location": Object {
      "lat": 59.790211,
      "lng": 167.918211,
    },
    "passport": null,
    "patronymic": "Сазонов",
    "photo": "https://lorempixel.com/200/200/?34574",
    "role": 1,
    "smallPhoto": "https://lorempixel.com/200/200/?34574",
    "status": 2,
    "witness_id": null,
  },
  Object {
    "birthyear": 1913,
    "firstName": "Вячеслав",
    "foreman_id": 6,
    "id": 13,
    "lastName": "Бобров",
    "locale": "ru",
    "location": Object {
      "lat": 15.743013,
      "lng": 171.877613,
    },
    "passport": null,
    "patronymic": "Кудрявцев",
    "photo": "https://lorempixel.com/200/200/?13013",
    "role": 1,
    "smallPhoto": "https://lorempixel.com/200/200/?13013",
    "status": 2,
    "witness_id": null,
  },
]
`;

exports[`system api get user5 users/pending 1`] = `{ error: {"message":"ACCESS_DENIED: Получить заявки могут только заверители","code":403,"url":"http://localhost:8082/api/users/pending"} }`;

exports[`system api get user6 users/get?ids= 1`] = `
Array [
  Object {
    "birthyear": 1986,
    "firstName": "Гора",
    "foreman_id": null,
    "id": 6,
    "lastName": "Мира",
    "locale": "ru",
    "location": Object {
      "lat": 58.1996,
      "lng": 68.256,
    },
    "passport": "8656",
    "patronymic": "Рука",
    "photo": "https://lorempixel.com/200/200/?63436",
    "role": 1,
    "smallPhoto": "https://lorempixel.com/200/200/?63436",
    "status": 2,
    "witness_id": null,
  },
]
`;

exports[`system api get user6 users/get?ids=6 1`] = `
Array [
  Object {
    "birthyear": 1986,
    "firstName": "Гора",
    "foreman_id": null,
    "id": 6,
    "lastName": "Мира",
    "locale": "ru",
    "location": Object {
      "lat": 58.1996,
      "lng": 68.256,
    },
    "passport": "8656",
    "patronymic": "Рука",
    "photo": "https://lorempixel.com/200/200/?63436",
    "role": 1,
    "smallPhoto": "https://lorempixel.com/200/200/?63436",
    "status": 2,
    "witness_id": null,
  },
]
`;

exports[`system api get user6 users/get?ids=7 1`] = `
Array [
  Object {
    "birthyear": 1937,
    "firstName": "Рама",
    "foreman_id": 6,
    "id": 7,
    "lastName": "Карпов",
    "locale": "ru",
    "location": Object {
      "lat": 47.042607,
      "lng": 147.94407,
    },
    "passport": null,
    "patronymic": "Степанов",
    "photo": "https://lorempixel.com/200/200/?64517",
    "role": 1,
    "smallPhoto": "https://lorempixel.com/200/200/?64517",
    "status": 2,
    "witness_id": null,
  },
]
`;

exports[`system api get user6 users/get?ids=8 1`] = `
Array [
  Object {
    "birthyear": 1908,
    "firstName": "Калаш",
    "foreman_id": 6,
    "id": 8,
    "lastName": "Калашников",
    "locale": "ru",
    "location": Object {
      "lat": 14.544988,
      "lng": 67.221538,
    },
    "passport": null,
    "patronymic": "Максимов",
    "photo": "https://lorempixel.com/200/200/?38824",
    "role": 1,
    "smallPhoto": "https://lorempixel.com/200/200/?38824",
    "status": 2,
    "witness_id": null,
  },
]
`;

exports[`system api get user6 users/get?ids=9 1`] = `
Array [
  Object {
    "birthyear": 1979,
    "firstName": "Валери1",
    "foreman_id": 6,
    "id": 9,
    "lastName": "Дементьев",
    "locale": "ru",
    "location": Object {
      "lat": 74.513169,
      "lng": -29.77029,
    },
    "passport": null,
    "patronymic": "Краснов",
    "photo": "https://lorempixel.com/200/200/?59089",
    "role": 1,
    "smallPhoto": "https://lorempixel.com/200/200/?59089",
    "status": 2,
    "witness_id": null,
  },
]
`;

exports[`system api get user6 users/get?ids=10 1`] = `
Array [
  Object {
    "birthyear": 1980,
    "firstName": "Сазон",
    "foreman_id": 6,
    "id": 10,
    "lastName": "Климов",
    "locale": "ru",
    "location": Object {
      "lat": 84.28701,
      "lng": 108.1581,
    },
    "passport": null,
    "patronymic": "Гуляев",
    "photo": "https://lorempixel.com/200/200/?71410",
    "role": 1,
    "smallPhoto": "https://lorempixel.com/200/200/?71410",
    "status": 2,
    "witness_id": null,
  },
]
`;

exports[`system api get user6 users/get?ids=11 1`] = `
Array [
  Object {
    "birthyear": 1911,
    "firstName": "Никодим",
    "foreman_id": 6,
    "id": 11,
    "lastName": "Селезнёв",
    "locale": "ru",
    "location": Object {
      "lat": 59.790211,
      "lng": 167.918211,
    },
    "passport": null,
    "patronymic": "Сазонов",
    "photo": "https://lorempixel.com/200/200/?34574",
    "role": 1,
    "smallPhoto": "https://lorempixel.com/200/200/?34574",
    "status": 2,
    "witness_id": null,
  },
]
`;

exports[`system api get user6 users/get?ids=12 1`] = `
Array [
  Object {
    "birthyear": 1912,
    "firstName": "Святослав",
    "foreman_id": 6,
    "id": 12,
    "lastName": "Андреев",
    "locale": "ru",
    "location": Object {
      "lat": 82.420112,
      "lng": 33.733612,
    },
    "passport": null,
    "patronymic": "Доронин",
    "photo": "https://lorempixel.com/200/200/?51812",
    "role": 1,
    "smallPhoto": "https://lorempixel.com/200/200/?51812",
    "status": 2,
    "witness_id": null,
  },
]
`;

exports[`system api get user6 users/get?ids=13 1`] = `
Array [
  Object {
    "birthyear": 1913,
    "firstName": "Вячеслав",
    "foreman_id": 6,
    "id": 13,
    "lastName": "Бобров",
    "locale": "ru",
    "location": Object {
      "lat": 15.743013,
      "lng": 171.877613,
    },
    "passport": null,
    "patronymic": "Кудрявцев",
    "photo": "https://lorempixel.com/200/200/?13013",
    "role": 1,
    "smallPhoto": "https://lorempixel.com/200/200/?13013",
    "status": 2,
    "witness_id": null,
  },
]
`;

exports[`system api get user6 users/get?ids=14 1`] = `
Array [
  Object {
    "birthyear": 1914,
    "firstName": "Меркуш",
    "foreman_id": 6,
    "id": 14,
    "lastName": "Гурьев",
    "locale": "ru",
    "location": Object {
      "lat": 52.07014,
      "lng": 100.035114,
    },
    "passport": null,
    "patronymic": "Селезнев",
    "photo": "https://lorempixel.com/200/200/?90514",
    "role": 1,
    "smallPhoto": "https://lorempixel.com/200/200/?90514",
    "status": 2,
    "witness_id": null,
  },
]
`;

exports[`system api get user6 users/get?ids=15 1`] = `
Array [
  Object {
    "birthyear": 1915,
    "firstName": "Иван",
    "foreman_id": 6,
    "id": 15,
    "lastName": "Копылов",
    "locale": "ru",
    "location": Object {
      "lat": 68.491715,
      "lng": 133.189715,
    },
    "passport": null,
    "patronymic": "Шашков",
    "photo": "https://lorempixel.com/200/200/?57215",
    "role": 1,
    "smallPhoto": "https://lorempixel.com/200/200/?57215",
    "status": 2,
    "witness_id": null,
  },
]
`;
